// Jest Snapshot v1, https://goo.gl/fbAQLP

exports[`elm-snapshot-test 1`] = `
Object {
  "\\"A\\", 1, 97": "\\"A197\\"",
  "\\"A\\", 1, 98": "\\"A198\\"",
  "\\"A\\", 1, 99": "\\"A199\\"",
  "\\"A\\", 2, 97": "\\"A297\\"",
  "\\"A\\", 2, 98": "\\"A298\\"",
  "\\"A\\", 2, 99": "\\"A299\\"",
  "\\"A\\", 3, 97": "\\"A397\\"",
  "\\"A\\", 3, 98": "\\"A398\\"",
  "\\"A\\", 3, 99": "\\"A399\\"",
  "\\"B\\", 1, 97": "\\"B197\\"",
  "\\"B\\", 1, 98": "\\"B198\\"",
  "\\"B\\", 1, 99": "\\"B199\\"",
  "\\"B\\", 2, 97": "\\"B297\\"",
  "\\"B\\", 2, 98": "\\"B298\\"",
  "\\"B\\", 2, 99": "\\"B299\\"",
  "\\"B\\", 3, 97": "\\"B397\\"",
  "\\"B\\", 3, 98": "\\"B398\\"",
  "\\"B\\", 3, 99": "\\"B399\\"",
  "\\"C\\", 1, 97": "\\"C197\\"",
  "\\"C\\", 1, 98": "\\"C198\\"",
  "\\"C\\", 1, 99": "\\"C199\\"",
  "\\"C\\", 2, 97": "\\"C297\\"",
  "\\"C\\", 2, 98": "\\"C298\\"",
  "\\"C\\", 2, 99": "\\"C299\\"",
  "\\"C\\", 3, 97": "\\"C397\\"",
  "\\"C\\", 3, 98": "\\"C398\\"",
  "\\"C\\", 3, 99": "\\"C399\\"",
}
`;
